/home/nawaf511/empire-core-new/.env.delivery.example
/home/nawaf511/empire-core-new/.env.example
/home/nawaf511/empire-core-new/Dockerfile
/home/nawaf511/empire-core-new/README.md
/home/nawaf511/empire-core-new/apps/NDSP_APPS_ONLY_GOVERNANCE.md
/home/nawaf511/empire-core-new/apps/NDSP_FRONTEND_SOURCE_OF_TRUTH.md
/home/nawaf511/empire-core-new/apps/NDSP_SAFE_SCRIPT_TEMPLATE.sh
/home/nawaf511/empire-core-new/apps/admin-console/NDSP_Admin_Console.html
/home/nawaf511/empire-core-new/apps/admin-console/NDSP_Admin_Operations_Center.html
/home/nawaf511/empire-core-new/apps/admin-console/NDSP_Design_System.html
/home/nawaf511/empire-core-new/apps/admin-console/NDSP_Help_Center.html
/home/nawaf511/empire-core-new/apps/admin-console/NDSP_Terms_Privacy.html
/home/nawaf511/empire-core-new/apps/admin-console/NMP_Research_Lab.html
/home/nawaf511/empire-core-new/apps/admin-console/admin-users.json
/home/nawaf511/empire-core-new/apps/admin-console/api/research/tdl-day-logic-v2.json
/home/nawaf511/empire-core-new/apps/admin-console/config/tdl_day_logic_v2.json
/home/nawaf511/empire-core-new/apps/admin-console/data/owner-layer-source-map.json
/home/nawaf511/empire-core-new/apps/admin-console/index.html
/home/nawaf511/empire-core-new/apps/admin-console/ndsp-admin-controls.css
/home/nawaf511/empire-core-new/apps/admin-console/ndsp-admin-controls.js
/home/nawaf511/empire-core-new/apps/admin-console/ndsp-admin-live-data-override.js
/home/nawaf511/empire-core-new/apps/admin-console/ndsp-hud-theme.css
/home/nawaf511/empire-core-new/apps/admin-console/ndsp-hud-theme.js
/home/nawaf511/empire-core-new/apps/admin-console/nmp-lab-summary.json
/home/nawaf511/empire-core-new/apps/admin-console/nmp-lab-summary.txt
/home/nawaf511/empire-core-new/apps/admin-console/owner-layers.html
/home/nawaf511/empire-core-new/apps/admin-console/research/NMP_Research_Level.html
/home/nawaf511/empire-core-new/apps/admin-console/research/TDL_Research_Lab.html
/home/nawaf511/empire-core-new/apps/admin-console/research/index.html
/home/nawaf511/empire-core-new/apps/admin-console/research/nmp-research-level-latest.json
/home/nawaf511/empire-core-new/apps/admin-console/research/tdl-lab-latest.json
/home/nawaf511/empire-core-new/apps/ndsp-governance-bridge/policies/admin_snapshot/tdl_v2_policy_admin.py
/home/nawaf511/empire-core-new/apps/ndsp-layers-api/app.py
/home/nawaf511/empire-core-new/apps/ndsp-layers-api/requirements.txt
/home/nawaf511/empire-core-new/apps/ndsp-raw-cot-gateway/app.py
/home/nawaf511/empire-core-new/apps/ndsp-raw-cot-gateway/requirements.txt
/home/nawaf511/empire-core-new/apps/ndsp_apps_only_guard.sh
/home/nawaf511/empire-core-new/apps/public-landing/NDSP_Landing.html
/home/nawaf511/empire-core-new/apps/public-landing/index.html
/home/nawaf511/empire-core-new/apps/public-landing/ndsp-gemini-theme.css
/home/nawaf511/empire-core-new/apps/public-landing/ndsp-public-landing-remove-devil-only.css
/home/nawaf511/empire-core-new/apps/public-landing/ndsp-public-landing-remove-devil-only.js
/home/nawaf511/empire-core-new/apps/public-landing/ndsp-public-root-login-router-final.js
/home/nawaf511/empire-core-new/backend/.env.example
/home/nawaf511/empire-core-new/backend/.env.telegram.example
/home/nawaf511/empire-core-new/backend/__init__.py
/home/nawaf511/empire-core-new/backend/admin_users_official_api/server.js
/home/nawaf511/empire-core-new/backend/app/api/admin/telegram_routing_admin.py
/home/nawaf511/empire-core-new/backend/app/api/admin/telegram_routing_v2.py
/home/nawaf511/empire-core-new/backend/app/api/compat/nowpayments_create_alias.py
/home/nawaf511/empire-core-new/backend/app/api/compat/user_operational_compat.py
/home/nawaf511/empire-core-new/backend/app/api/decision_quality_public.py
/home/nawaf511/empire-core-new/backend/app/api/internal/telegram_routing_internal.py
/home/nawaf511/empire-core-new/backend/app/api/ndsp_public_quality_unique.py
/home/nawaf511/empire-core-new/backend/app/api/ndsp_trial_activation_guard.py
/home/nawaf511/empire-core-new/backend/app/api/v1/frontend_contract.py
/home/nawaf511/empire-core-new/backend/app/core/market_positioning.py
/home/nawaf511/empire-core-new/backend/app/ndsp_governance/__init__.py
/home/nawaf511/empire-core-new/backend/app/ndsp_governance/decision_output_policy.py
/home/nawaf511/empire-core-new/backend/app/ndsp_governance/frontend_fields_api.py
/home/nawaf511/empire-core-new/backend/app/runtime/ndsp_quality_live_golden_wrapper.py
/home/nawaf511/empire-core-new/backend/app/services/execution_webhook_bridge.py
/home/nawaf511/empire-core-new/backend/app/support_layers/__init__.py
/home/nawaf511/empire-core-new/backend/app/support_layers/backtest/__init__.py
/home/nawaf511/empire-core-new/backend/app/support_layers/backtest/backtest_engine.py
/home/nawaf511/empire-core-new/backend/app/support_layers/backtest/init.py
/home/nawaf511/empire-core-new/backend/app/support_layers/black_layer/__init__.py
/home/nawaf511/empire-core-new/backend/app/support_layers/black_layer/black_layer_engine.py
/home/nawaf511/empire-core-new/backend/app/support_layers/black_layer/test_black_layer.py
/home/nawaf511/empire-core-new/backend/app/support_layers/cot/__init__.py
/home/nawaf511/empire-core-new/backend/app/support_layers/cot/cftc_auto_provider.py
/home/nawaf511/empire-core-new/backend/app/support_layers/cot/cot_asset_mapper.py
/home/nawaf511/empire-core-new/backend/app/support_layers/cot/cot_contracts.py
/home/nawaf511/empire-core-new/backend/app/support_layers/cot/cot_engine.py
/home/nawaf511/empire-core-new/backend/app/support_layers/cot/cot_storage.py
/home/nawaf511/empire-core-new/backend/app/support_layers/cot/manual_cot_provider.py
/home/nawaf511/empire-core-new/backend/app/support_layers/cot/test_cot_spine.py
/home/nawaf511/empire-core-new/backend/app/support_layers/cot/test_cot_v6_1_storage.py
/home/nawaf511/empire-core-new/backend/app/support_layers/delivery/ndsp_delivery_interfaces.py
/home/nawaf511/empire-core-new/backend/app/support_layers/delivery/ndsp_delivery_settings.py
/home/nawaf511/empire-core-new/backend/app/support_layers/delivery/ndsp_env_compat.py
/home/nawaf511/empire-core-new/backend/app/support_layers/macro/__init__.py
/home/nawaf511/empire-core-new/backend/app/support_layers/macro/consensus_provider.py
/home/nawaf511/empire-core-new/backend/app/support_layers/macro/macro_logic.py
/home/nawaf511/empire-core-new/backend/app/support_layers/macro/test_macro_logic.py
/home/nawaf511/empire-core-new/backend/app/support_layers/quality/__init__.py
/home/nawaf511/empire-core-new/backend/app/support_layers/quality/decision_quality_stack.py
/home/nawaf511/empire-core-new/backend/app/support_layers/quality/test_integration_dqs.py
/home/nawaf511/empire-core-new/backend/app/support_layers/scenario/__init__.py
/home/nawaf511/empire-core-new/backend/app/support_layers/scenario/scenario_engine.py
/home/nawaf511/empire-core-new/backend/architecture/API_CONTRACTS.md
/home/nawaf511/empire-core-new/backend/architecture/APPLICATION_REGISTRY.md
/home/nawaf511/empire-core-new/backend/architecture/CHANGELOG.md
/home/nawaf511/empire-core-new/backend/architecture/DATA_FLOW.md
/home/nawaf511/empire-core-new/backend/architecture/DECISION_LIFECYCLE.md
/home/nawaf511/empire-core-new/backend/architecture/DEPLOYMENT_ARCHITECTURE.md
/home/nawaf511/empire-core-new/backend/architecture/DEV-007-SERVICE-MIGRATION-PLAN.md
/home/nawaf511/empire-core-new/backend/architecture/ENGINE_CATALOG.md
/home/nawaf511/empire-core-new/backend/architecture/GOVERNANCE_RULES.md
/home/nawaf511/empire-core-new/backend/architecture/NDSP_CORE_SERVICES_RELEASE_STATUS.md
/home/nawaf511/empire-core-new/backend/architecture/README.md
/home/nawaf511/empire-core-new/backend/architecture/SECURITY_MODEL.md
/home/nawaf511/empire-core-new/backend/architecture/SERVICE_REGISTRY.md
/home/nawaf511/empire-core-new/backend/architecture/SYSTEM_ARCHITECTURE.md
/home/nawaf511/empire-core-new/backend/architecture/adr/ADR-0001-product-separation.md
/home/nawaf511/empire-core-new/backend/architecture/adr/ADR-0002-completed-decision-ssot.md
/home/nawaf511/empire-core-new/backend/architecture/adr/ADR-0003-modular-monolith-with-framework.md
/home/nawaf511/empire-core-new/backend/architecture/adr/ADR-0005-repository-hygiene.md
/home/nawaf511/empire-core-new/backend/architecture/contracts/BOT-001-CONTRACT.md
/home/nawaf511/empire-core-new/backend/architecture/contracts/CDS-001-CONTRACT.md
/home/nawaf511/empire-core-new/backend/architecture/contracts/COMPLETED_DECISION_CONTRACT.md
/home/nawaf511/empire-core-new/backend/architecture/contracts/CTL-001-WORKSPACE-IDENTITY-CONTRACT.md
/home/nawaf511/empire-core-new/backend/architecture/contracts/DEV-001-DEVELOPER-TOOLKIT-CONTRACT.md
/home/nawaf511/empire-core-new/backend/architecture/contracts/DEV-002-REPOSITORY-HYGIENE-CONTRACT.md
/home/nawaf511/empire-core-new/backend/architecture/contracts/DGC-001-CONTRACT.md
/home/nawaf511/empire-core-new/backend/architecture/contracts/ENG-001-FRAMEWORK-CONTRACT.md
/home/nawaf511/empire-core-new/backend/architecture/contracts/NDSP_PUBLIC_PLATFORM_BOT_PRIVACY_BOUNDARY.md
/home/nawaf511/empire-core-new/backend/architecture/contracts/NDSP_PUBLIC_PLATFORM_NO_EXECUTION_LANGUAGE.md
/home/nawaf511/empire-core-new/backend/architecture/contracts/PUBLIC_GATEWAY_ACTIVATION_CONTRACT.md
/home/nawaf511/empire-core-new/backend/architecture/contracts/PUBLIC_GATEWAY_CONTRACT.md
/home/nawaf511/empire-core-new/backend/architecture/contracts/RC1_PUBLIC_SURFACE.md
/home/nawaf511/empire-core-new/backend/architecture/contracts/RELEASE_CANDIDATE_FREEZE_POLICY.md
/home/nawaf511/empire-core-new/backend/architecture/laws/ENTERPRISE_LAWS.md
/home/nawaf511/empire-core-new/backend/architecture/registry/API_REGISTRY.md
/home/nawaf511/empire-core-new/backend/architecture/registry/OPERATIONAL_HARDENING.md
/home/nawaf511/empire-core-new/backend/architecture/registry/PRODUCTION_SNAPSHOT_RC1.md
/home/nawaf511/empire-core-new/backend/architecture/registry/PRODUCTION_SNAPSHOT_RC1_FINAL.md
/home/nawaf511/empire-core-new/backend/architecture/registry/PRODUCT_REGISTRY.md
/home/nawaf511/empire-core-new/backend/architecture/registry/PUBLIC_GATEWAY_ACTIVATION.md
/home/nawaf511/empire-core-new/backend/architecture/registry/PUBLIC_GATEWAY_READINESS.md
/home/nawaf511/empire-core-new/backend/architecture/registry/RELEASE_CANDIDATE_RC1.md
/home/nawaf511/empire-core-new/backend/architecture/registry/SERVICE_REGISTRY_V2.md
/home/nawaf511/empire-core-new/backend/architecture/reports/DEV-002B-SOURCE-CLASSIFICATION-20260628_001339.md
/home/nawaf511/empire-core-new/backend/architecture/reports/DEV-002C-FRONTEND-SOURCE-INTAKE-20260628_001739.md
/home/nawaf511/empire-core-new/backend/architecture/reports/DEV-002D-SECRET-SANITY-20260628_002606.md
/home/nawaf511/empire-core-new/backend/architecture/reports/DEV-002E-DOCS-POLICY-INTAKE-20260628_002936.md
/home/nawaf511/empire-core-new/backend/architecture/reports/DEV-002F-DEPLOYMENT-TOOLS-INTAKE-20260628_003240.md
/home/nawaf511/empire-core-new/backend/architecture/reports/DEV-002G-LEGACY-BACKEND-MODULES-INTAKE-20260628_003623.md
/home/nawaf511/empire-core-new/backend/architecture/reports/DEV-002H-APPS-SHARED-TESTS-INTAKE-20260628_004224.md
/home/nawaf511/empire-core-new/backend/architecture/reports/DEV-002I-REMAINING-CLASSIFICATION-20260628_004514.md
/home/nawaf511/empire-core-new/backend/architecture/reports/DEV-002J-RESEARCH-DATA-REFERENCE-INTAKE-20260628_004658.md
/home/nawaf511/empire-core-new/backend/architecture/reports/DEV-002K-FINAL-CLOSURE-20260628_004919.md
/home/nawaf511/empire-core-new/backend/architecture/reports/DEV-003-PROJECT-VALIDATOR-FIRST-RUN-20260628_005402.md
/home/nawaf511/empire-core-new/backend/architecture/reports/DEV-004-CI-VALIDATION-GATE-20260628_005857.md
/home/nawaf511/empire-core-new/backend/architecture/reports/DEV-005-ZERO-WARNING-VALIDATOR-20260628_010138.md
/home/nawaf511/empire-core-new/backend/architecture/reports/DEV-007-SERVICE-MIGRATION-PLAN-20260628_054150.md
/home/nawaf511/empire-core-new/backend/architecture/reports/DEV-008A-CDS-SNAPSHOT-20260628_055957.md
/home/nawaf511/empire-core-new/backend/architecture/reports/DEV-008A-CDS-SNAPSHOT-20260628_060255.md
/home/nawaf511/empire-core-new/backend/architecture/reports/DEV-008A-CDS-SNAPSHOT-20260628_060614.md
/home/nawaf511/empire-core-new/backend/architecture/reports/DEV-008A-CDS-SNAPSHOT-20260628_060917.md
/home/nawaf511/empire-core-new/backend/architecture/reports/DEV-008A-CDS-SNAPSHOT-20260628_061140.md
/home/nawaf511/empire-core-new/backend/architecture/reports/DEV-008A-CDS-SNAPSHOT-20260628_061520.md
/home/nawaf511/empire-core-new/backend/architecture/reports/DEV-008B-CDS-ENG001-ADAPTER-20260628_062252.md
/home/nawaf511/empire-core-new/backend/architecture/reports/DEV-008C-CDS-RUNTIME-SMOKE-20260628_062723.md
/home/nawaf511/empire-core-new/backend/architecture/reports/DEV-008D-CDS-DEPENDENCY-CHECK-20260628_063610.md
/home/nawaf511/empire-core-new/backend/architecture/reports/DEV-008E-CDS-SAFE-RUNTIME-SMOKE-20260628_064307.md
/home/nawaf511/empire-core-new/backend/architecture/reports/DEV-008F-CDS-MIGRATION-CLOSURE-20260628_064451.md
/home/nawaf511/empire-core-new/backend/architecture/reports/DEV-009A-DGC-SNAPSHOT-20260628_144708.md
/home/nawaf511/empire-core-new/backend/architecture/reports/DEV-009A-DGC-SNAPSHOT-20260628_144937.md
/home/nawaf511/empire-core-new/backend/architecture/reports/DEV-009B-DGC-ENG001-ADAPTER-20260628_145317.md
/home/nawaf511/empire-core-new/backend/architecture/reports/DEV-009B-DGC-ENG001-ADAPTER-20260628_145440.md
/home/nawaf511/empire-core-new/backend/architecture/reports/DEV-009B-DGC-ENG001-ADAPTER-20260628_145720.md
/home/nawaf511/empire-core-new/backend/architecture/reports/DEV-009B-DGC-ENG001-ADAPTER-20260628_150611.md
/home/nawaf511/empire-core-new/backend/architecture/reports/DEV-009C-DGC-ADAPTER-SMOKE-20260628_145720.md
/home/nawaf511/empire-core-new/backend/architecture/reports/DEV-009C-DGC-ADAPTER-SMOKE-20260628_150611.md
/home/nawaf511/empire-core-new/backend/architecture/reports/DEV-009D-DGC-DEPENDENCY-CHECK-20260628_145720.md
/home/nawaf511/empire-core-new/backend/architecture/reports/DEV-009D-DGC-DEPENDENCY-CHECK-20260628_150611.md
/home/nawaf511/empire-core-new/backend/architecture/reports/DEV-009E-DGC-SAFE-RUNTIME-SMOKE-20260628_145720.md
/home/nawaf511/empire-core-new/backend/architecture/reports/DEV-009E-DGC-SAFE-RUNTIME-SMOKE-20260628_150611.md
/home/nawaf511/empire-core-new/backend/architecture/reports/DEV-009F-DGC-MIGRATION-CLOSURE-20260628_145720.md
/home/nawaf511/empire-core-new/backend/architecture/reports/DEV-009F-DGC-MIGRATION-CLOSURE-20260628_150611.md
/home/nawaf511/empire-core-new/backend/architecture/reports/DEV-010A-BOT-SNAPSHOT-20260628_150814.md
/home/nawaf511/empire-core-new/backend/architecture/reports/DEV-010B-BOT-ENG001-ADAPTER-20260628_151156.md
/home/nawaf511/empire-core-new/backend/architecture/reports/DEV-010C-BOT-ADAPTER-SMOKE-20260628_151156.md
/home/nawaf511/empire-core-new/backend/architecture/reports/DEV-010D-BOT-DEPENDENCY-CHECK-20260628_151156.md
/home/nawaf511/empire-core-new/backend/architecture/reports/DEV-010E-BOT-SAFE-RUNTIME-SMOKE-20260628_151156.md
/home/nawaf511/empire-core-new/backend/architecture/reports/DEV-010F-BOT-MIGRATION-CLOSURE-20260628_151156.md
/home/nawaf511/empire-core-new/backend/architecture/reports/DEV-011-NDSP-CORE-SERVICES-FINAL-CLOSURE-20260628_151602.md
/home/nawaf511/empire-core-new/backend/architecture/reports/DEV-012A-PRODUCTION-ROLLOUT-READINESS-CHECK-20260628_152033.md
/home/nawaf511/empire-core-new/backend/architecture/reports/DEV-012B-CONTROLLED-PRODUCTION-ROLLOUT-PLAN-20260628_152255.md
/home/nawaf511/empire-core-new/backend/architecture/reports/DEV-012C-SYSTEMD-LOCAL-ACTIVATION-READINESS-20260628_152421.md
/home/nawaf511/empire-core-new/backend/architecture/reports/DEV-012D-INSTALL-SYSTEMD-UNITS-NO-RESTART-20260628_152602.md
/home/nawaf511/empire-core-new/backend/architecture/reports/DEV-012E-LOCAL-HEALTH-PROCESS-OWNERSHIP-CHECK-20260628_152910.md
/home/nawaf511/empire-core-new/backend/architecture/reports/DEV-012Z-FIX-CDS-ENV-AND-CLOSE-20260628_173523.md
/home/nawaf511/empire-core-new/backend/architecture/reports/DEV-012Z-RECOVER-AND-CLOSE-SYSTEMD-LOCAL-20260628_172726.md
/home/nawaf511/empire-core-new/backend/architecture/reports/DEV-013Z-FIX-GUARD-AND-CLOSE-20260628_175219.md
/home/nawaf511/empire-core-new/backend/architecture/reports/DEV-014-GATEWAY-READINESS-20260628_181658.md
/home/nawaf511/empire-core-new/backend/architecture/reports/DEV-015-PUBLIC-GATEWAY-ACTIVATION-20260628_193248.md
/home/nawaf511/empire-core-new/backend/architecture/reports/DEV-015-PUBLIC-GATEWAY-ACTIVATION-20260629_032831.md
/home/nawaf511/empire-core-new/backend/architecture/reports/DEV-016-RELEASE-CANDIDATE-FREEZE-20260629_035520.md
/home/nawaf511/empire-core-new/backend/architecture/reports/DEV-016-RELEASE-CANDIDATE-FREEZE-20260629_082844.md
/home/nawaf511/empire-core-new/backend/architecture/reports/DEV-016-RELEASE-CANDIDATE-FREEZE-20260629_083105.md
/home/nawaf511/empire-core-new/backend/architecture/reports/DEV-017-AUTO-FINAL-20260629_084803.md
/home/nawaf511/empire-core-new/backend/architecture/reports/DEV-017-AUTO-FINAL-20260629_085022.md
/home/nawaf511/empire-core-new/backend/architecture/reports/DEV-017-RC1-PRODUCTION-SMOKE-20260629_083955.md
/home/nawaf511/empire-core-new/backend/architecture/reports/DEV-018-WOW-RADAR-UI-CANARY-20260629_091747.md
/home/nawaf511/empire-core-new/backend/architecture/reports/DEV-018-WOW-RADAR-UI-CANARY-20260629_091945.md
/home/nawaf511/empire-core-new/backend/architecture/reports/DEV-018B-REMOVE-BOT-AND-RESET-BAD-CANARY-20260629_093055.md
/home/nawaf511/empire-core-new/backend/architecture/reports/DEV-018C-BLOCK-REJECTED-CANARY-ROUTES-20260629_093253.md
/home/nawaf511/empire-core-new/backend/architecture/reports/DEV-019-SOVEREIGN-COMMAND-PREVIEW-20260629_095927.md
/home/nawaf511/empire-core-new/backend/architecture/reports/DEV-020C-REPAIR-SOVEREIGN-PREVIEW-20260629_101120.md
/home/nawaf511/empire-core-new/backend/architecture/ui/NDSP_SOVEREIGN_COMMAND_INTERFACE_SPEC.md
/home/nawaf511/empire-core-new/backend/architecture/ui/artifacts/NDSP_Sovereign_Command_Preview.html
/home/nawaf511/empire-core-new/backend/auth_api/ndsp_add_password_reset_columns.sql
/home/nawaf511/empire-core-new/backend/auth_api/ndsp_admin_actions_authoritative.cjs
/home/nawaf511/empire-core-new/backend/auth_api/ndsp_admin_actions_bypass_old_middleware.cjs
/home/nawaf511/empire-core-new/backend/auth_api/ndsp_admin_actions_gateway.cjs
/home/nawaf511/empire-core-new/backend/auth_api/ndsp_admin_ui_proxy.cjs
/home/nawaf511/empire-core-new/backend/auth_api/ndsp_admin_users_official_readonly.cjs
/home/nawaf511/empire-core-new/backend/auth_api/ndsp_alert_channels_state.json
/home/nawaf511/empire-core-new/backend/auth_api/ndsp_api_compat_gateway.cjs
/home/nawaf511/empire-core-new/backend/auth_api/ndsp_layer_name_masking_policy.cjs
/home/nawaf511/empire-core-new/backend/auth_api/ndsp_password_reset_module.js
/home/nawaf511/empire-core-new/backend/auth_api/ndsp_platform_gateway_9001.cjs
/home/nawaf511/empire-core-new/backend/auth_api/ndsp_saas_packages_policy.cjs
/home/nawaf511/empire-core-new/backend/auth_api/ndsp_tdl_trade_horizon_addons.cjs
/home/nawaf511/empire-core-new/backend/auth_api/ndsp_trial_fingerprint_guard_proxy.cjs
/home/nawaf511/empire-core-new/backend/auth_api/ndsp_trial_register_gateway.cjs
/home/nawaf511/empire-core-new/backend/auth_api/ndsp_user_dashboard_gateway.cjs
/home/nawaf511/empire-core-new/backend/auth_api/ndsp_user_login_gateway.cjs
/home/nawaf511/empire-core-new/backend/auth_api/schema.sql
/home/nawaf511/empire-core-new/backend/config/elite_trial_config.json
/home/nawaf511/empire-core-new/backend/data/raw_cot/current_disaggregated_futures_only_f_disagg.txt
/home/nawaf511/empire-core-new/backend/data/raw_cot/current_tff_futures_only_FinFutWk.txt
/home/nawaf511/empire-core-new/backend/data/raw_cot/disaggregated_futures_only_f_disagg_20260618_100847.txt
/home/nawaf511/empire-core-new/backend/data/raw_cot/raw_cot_manifest.json
/home/nawaf511/empire-core-new/backend/data/raw_cot/tff_futures_only_FinFutWk_20260618_100847.txt
/home/nawaf511/empire-core-new/backend/db/schema.sql
/home/nawaf511/empire-core-new/backend/docs/API_CONTRACT.md
/home/nawaf511/empire-core-new/backend/docs/BACKEND_GUIDE.md
/home/nawaf511/empire-core-new/backend/docs/NDSP_BACKEND_PACKAGE_README.md
/home/nawaf511/empire-core-new/backend/docs/SECURITY_CHECKLIST.md
/home/nawaf511/empire-core-new/backend/docs/openapi.yaml
/home/nawaf511/empire-core-new/backend/framework/CHANGELOG.md
/home/nawaf511/empire-core-new/backend/framework/README.md
/home/nawaf511/empire-core-new/backend/framework/about/about.cjs
/home/nawaf511/empire-core-new/backend/framework/bootstrap/createNDSPService.cjs
/home/nawaf511/empire-core-new/backend/framework/config/config.cjs
/home/nawaf511/empire-core-new/backend/framework/contracts/ENG-001-NDSP-Service-Framework.md
/home/nawaf511/empire-core-new/backend/framework/errors/errors.cjs
/home/nawaf511/empire-core-new/backend/framework/health/health.cjs
/home/nawaf511/empire-core-new/backend/framework/index.cjs
/home/nawaf511/empire-core-new/backend/framework/lifecycle/lifecycle.cjs
/home/nawaf511/empire-core-new/backend/framework/logger/logger.cjs
/home/nawaf511/empire-core-new/backend/framework/package.json
/home/nawaf511/empire-core-new/backend/framework/service.yaml
/home/nawaf511/empire-core-new/backend/framework/standards/api-standard.md
/home/nawaf511/empire-core-new/backend/framework/standards/service-standard.md
/home/nawaf511/empire-core-new/backend/framework/tests/framework.test.cjs
/home/nawaf511/empire-core-new/backend/framework/version/version.cjs
/home/nawaf511/empire-core-new/backend/gateway/README.md
/home/nawaf511/empire-core-new/backend/gateway/activation/DEV015_PUBLIC_GATEWAY_ACTIVATION.md
/home/nawaf511/empire-core-new/backend/gateway/routes/core-services.routes.md
/home/nawaf511/empire-core-new/backend/layers/__init__.py
/home/nawaf511/empire-core-new/backend/layers/data/__init__.py
/home/nawaf511/empire-core-new/backend/layers/direction/__init__.py
/home/nawaf511/empire-core-new/backend/layers/direction/l6_direction_authority.py
/home/nawaf511/empire-core-new/backend/layers/execution/__init__.py
/home/nawaf511/empire-core-new/backend/layers/layer_orchestrator.py
/home/nawaf511/empire-core-new/backend/layers/quality/__init__.py
/home/nawaf511/empire-core-new/backend/layers/quality/l9_horizon_structure.py
/home/nawaf511/empire-core-new/backend/middleware/trialGuard.js
/home/nawaf511/empire-core-new/backend/migrations/001_postgres_core.sql
/home/nawaf511/empire-core-new/backend/migrations/002_signal_decisions.sql
/home/nawaf511/empire-core-new/backend/ndsp-access-guard-9024/package-lock.json
/home/nawaf511/empire-core-new/backend/ndsp-access-guard-9024/package.json
/home/nawaf511/empire-core-new/backend/ndsp-access-guard-9024/server.js
/home/nawaf511/empire-core-new/backend/ndsp-access-guard-final/package-lock.json
/home/nawaf511/empire-core-new/backend/ndsp-access-guard-final/package.json
/home/nawaf511/empire-core-new/backend/ndsp-access-guard-final/server.js
/home/nawaf511/empire-core-new/backend/ndsp-access-guard/package-lock.json
/home/nawaf511/empire-core-new/backend/ndsp-access-guard/package.json
/home/nawaf511/empire-core-new/backend/ndsp-access-guard/server.js
/home/nawaf511/empire-core-new/backend/ndsp-live-decision-quality/server.py
/home/nawaf511/empire-core-new/backend/ndsp-portal-real-data-api/server.py
/home/nawaf511/empire-core-new/backend/ndsp-telegram-link-listener/offset.json
/home/nawaf511/empire-core-new/backend/ndsp-telegram-link-listener/server.js
/home/nawaf511/empire-core-new/backend/ndsp-trial-register-canonical-wrapper/package-lock.json
/home/nawaf511/empire-core-new/backend/ndsp-trial-register-canonical-wrapper/package.json
/home/nawaf511/empire-core-new/backend/ndsp-trial-register-canonical-wrapper/server.js
/home/nawaf511/empire-core-new/backend/ndsp-trial-seats-api/server.js
/home/nawaf511/empire-core-new/backend/ndsp-user-alert-channels/server.js
/home/nawaf511/empire-core-new/backend/ndsp_admin_actions_authoritative.cjs
/home/nawaf511/empire-core-new/backend/ndsp_admin_actions_bypass_old_middleware.cjs
/home/nawaf511/empire-core-new/backend/ndsp_admin_actions_gateway.cjs
/home/nawaf511/empire-core-new/backend/ndsp_admin_extension.cjs
/home/nawaf511/empire-core-new/backend/ndsp_admin_migrate.cjs
/home/nawaf511/empire-core-new/backend/ndsp_admin_ui_proxy.cjs
/home/nawaf511/empire-core-new/backend/ndsp_admin_users_official_readonly.cjs
/home/nawaf511/empire-core-new/backend/ndsp_alert_channels_state.json
/home/nawaf511/empire-core-new/backend/ndsp_api_compat_gateway.cjs
/home/nawaf511/empire-core-new/backend/ndsp_checkout_plans_package/backend-express/.env.example
/home/nawaf511/empire-core-new/backend/ndsp_checkout_plans_package/checkout-admin-vite/.env.example
/home/nawaf511/empire-core-new/backend/ndsp_checkout_plans_package/database/migrations/20260524_001_checkout_plans.sql
/home/nawaf511/empire-core-new/backend/ndsp_device_guard.cjs
/home/nawaf511/empire-core-new/backend/ndsp_device_guard_migrate.cjs
/home/nawaf511/empire-core-new/backend/ndsp_latest_16_layers_logic_functions.py
/home/nawaf511/empire-core-new/backend/ndsp_layer_name_masking_policy.cjs
/home/nawaf511/empire-core-new/backend/ndsp_live_market_adapter.cjs
/home/nawaf511/empire-core-new/backend/ndsp_nowpayments.cjs
/home/nawaf511/empire-core-new/backend/ndsp_nowpayments_migrate.cjs
/home/nawaf511/empire-core-new/backend/ndsp_one_device_one_account.sh
/home/nawaf511/empire-core-new/backend/ndsp_platform_gateway_9001.cjs
/home/nawaf511/empire-core-new/backend/ndsp_saas_packages_policy.cjs
/home/nawaf511/empire-core-new/backend/ndsp_scenario_levels_adapter.cjs
/home/nawaf511/empire-core-new/backend/ndsp_tdl_trade_horizon_addons.cjs
/home/nawaf511/empire-core-new/backend/ndsp_trial_info.cjs
/home/nawaf511/empire-core-new/backend/ndsp_trial_register_gateway.cjs
/home/nawaf511/empire-core-new/backend/ndsp_user_dashboard_gateway.cjs
/home/nawaf511/empire-core-new/backend/ndsp_user_login_gateway.cjs
/home/nawaf511/empire-core-new/backend/package-lock.json
/home/nawaf511/empire-core-new/backend/package.json
/home/nawaf511/empire-core-new/backend/package_reference/install_ndsp_backend_NOT_RUN.sh
/home/nawaf511/empire-core-new/backend/password_reset_gateway/package-lock.json
/home/nawaf511/empire-core-new/backend/password_reset_gateway/package.json
/home/nawaf511/empire-core-new/backend/password_reset_gateway/server.js
/home/nawaf511/empire-core-new/backend/portal_snapshot_generator.cjs
/home/nawaf511/empire-core-new/backend/research/tdl_lab/results/latest.json
/home/nawaf511/empire-core-new/backend/research/tdl_lab/tdl_lab_engine.py
/home/nawaf511/empire-core-new/backend/schema.sql
/home/nawaf511/empire-core-new/backend/scripts/verify_ndsp_backend_package.sh
/home/nawaf511/empire-core-new/backend/sdk/devtoolkit/CHANGELOG.md
/home/nawaf511/empire-core-new/backend/sdk/devtoolkit/README.md
/home/nawaf511/empire-core-new/backend/sdk/devtoolkit/commands/create-service.sh
/home/nawaf511/empire-core-new/backend/sdk/devtoolkit/commands/doctor.sh
/home/nawaf511/empire-core-new/backend/sdk/devtoolkit/commands/registry.sh
/home/nawaf511/empire-core-new/backend/sdk/devtoolkit/commands/validate.sh
/home/nawaf511/empire-core-new/backend/sdk/devtoolkit/lib/common.sh
/home/nawaf511/empire-core-new/backend/sdk/devtoolkit/service.yaml
/home/nawaf511/empire-core-new/backend/sdk/devtoolkit/tests/devtoolkit.test.sh
/home/nawaf511/empire-core-new/backend/server.js
/home/nawaf511/empire-core-new/backend/services/bot_execution/CHANGELOG.md
/home/nawaf511/empire-core-new/backend/services/bot_execution/MIGRATION_STATUS.md
/home/nawaf511/empire-core-new/backend/services/bot_execution/README.md
/home/nawaf511/empire-core-new/backend/services/bot_execution/config/default.env
/home/nawaf511/empire-core-new/backend/services/bot_execution/contracts/BOT-001-CONTRACT.md
/home/nawaf511/empire-core-new/backend/services/bot_execution/contracts/BOT-001-ENG-001-ADAPTER-CONTRACT.md
/home/nawaf511/empire-core-new/backend/services/bot_execution/docs/ARCHITECTURE.md
/home/nawaf511/empire-core-new/backend/services/bot_execution/docs/README.md
/home/nawaf511/empire-core-new/backend/services/bot_execution/framework-adapter.cjs
/home/nawaf511/empire-core-new/backend/services/bot_execution/main.cjs
/home/nawaf511/empire-core-new/backend/services/bot_execution/package.json
/home/nawaf511/empire-core-new/backend/services/bot_execution/service.yaml
/home/nawaf511/empire-core-new/backend/services/bot_execution/systemd/ndsp-bot_execution.service
/home/nawaf511/empire-core-new/backend/services/bot_execution/tests/legacy-structure.test.sh
/home/nawaf511/empire-core-new/backend/services/completed_decision/CHANGELOG.md
/home/nawaf511/empire-core-new/backend/services/completed_decision/MIGRATION_STATUS.md
/home/nawaf511/empire-core-new/backend/services/completed_decision/README.md
/home/nawaf511/empire-core-new/backend/services/completed_decision/config/default.env
/home/nawaf511/empire-core-new/backend/services/completed_decision/contracts/CDS-001-CONTRACT.md
/home/nawaf511/empire-core-new/backend/services/completed_decision/contracts/CDS-001-ENG-001-ADAPTER-CONTRACT.md
/home/nawaf511/empire-core-new/backend/services/completed_decision/docs/ARCHITECTURE.md
/home/nawaf511/empire-core-new/backend/services/completed_decision/docs/README.md
/home/nawaf511/empire-core-new/backend/services/completed_decision/framework-adapter.cjs
/home/nawaf511/empire-core-new/backend/services/completed_decision/main.cjs
/home/nawaf511/empire-core-new/backend/services/completed_decision/package.json
/home/nawaf511/empire-core-new/backend/services/completed_decision/service.yaml
/home/nawaf511/empire-core-new/backend/services/completed_decision/systemd/ndsp-completed_decision.service
/home/nawaf511/empire-core-new/backend/services/completed_decision/tests/legacy-structure.test.sh
/home/nawaf511/empire-core-new/backend/services/ctl-001-workspace-identity/CHANGELOG.md
/home/nawaf511/empire-core-new/backend/services/ctl-001-workspace-identity/README.md
/home/nawaf511/empire-core-new/backend/services/ctl-001-workspace-identity/contracts/CTL-001-WORKSPACE-IDENTITY-CONTRACT.md
/home/nawaf511/empire-core-new/backend/services/ctl-001-workspace-identity/main.cjs
/home/nawaf511/empire-core-new/backend/services/ctl-001-workspace-identity/package.json
/home/nawaf511/empire-core-new/backend/services/ctl-001-workspace-identity/service.yaml
/home/nawaf511/empire-core-new/backend/services/ctl-001-workspace-identity/systemd/ndsp-ctl-001-workspace-identity.service
/home/nawaf511/empire-core-new/backend/services/ctl-001-workspace-identity/tests/ctl001.test.cjs
/home/nawaf511/empire-core-new/backend/services/decision_governance_core/CHANGELOG.md
/home/nawaf511/empire-core-new/backend/services/decision_governance_core/MIGRATION_STATUS.md
/home/nawaf511/empire-core-new/backend/services/decision_governance_core/README.md
/home/nawaf511/empire-core-new/backend/services/decision_governance_core/config/default.env
/home/nawaf511/empire-core-new/backend/services/decision_governance_core/contracts/DGC-001-CONTRACT.md
/home/nawaf511/empire-core-new/backend/services/decision_governance_core/contracts/DGC-001-ENG-001-ADAPTER-CONTRACT.md
/home/nawaf511/empire-core-new/backend/services/decision_governance_core/docs/ARCHITECTURE.md
/home/nawaf511/empire-core-new/backend/services/decision_governance_core/docs/README.md
/home/nawaf511/empire-core-new/backend/services/decision_governance_core/framework-adapter.cjs
/home/nawaf511/empire-core-new/backend/services/decision_governance_core/main.cjs
/home/nawaf511/empire-core-new/backend/services/decision_governance_core/package.json
/home/nawaf511/empire-core-new/backend/services/decision_governance_core/service.yaml
/home/nawaf511/empire-core-new/backend/services/decision_governance_core/systemd/ndsp-decision_governance_core.service
/home/nawaf511/empire-core-new/backend/services/decision_governance_core/tests/legacy-structure.test.sh
/home/nawaf511/empire-core-new/backend/shared/tdl_day_logic_v2.js
/home/nawaf511/empire-core-new/backend/shared/tdl_day_logic_v2.json
/home/nawaf511/empire-core-new/backend/shared/tdl_day_logic_v2.py
/home/nawaf511/empire-core-new/backend/tools/ndsp/ndsp_gateway_readiness.sh
/home/nawaf511/empire-core-new/backend/tools/ndsp/ndsp_repo_guard.sh
/home/nawaf511/empire-core-new/backend/tools/ndsp/ndsp_systemd_guard.sh
/home/nawaf511/empire-core-new/backend/tools/ndsp_project_validator.sh
/home/nawaf511/empire-core-new/bin/dsp_check_research_labs_readiness.sh
/home/nawaf511/empire-core-new/bin/dsp_publish_research_labs.sh
/home/nawaf511/empire-core-new/deploy_frontend_from_apps.sh
/home/nawaf511/empire-core-new/docs/02-architecture/core/NDSP_16_LAYER_CORE_AND_FUTURE_INTEGRATION_BLUEPRINT_AR.md
/home/nawaf511/empire-core-new/docs/02-architecture/core/NDSP_16_LAYER_CORE_AND_FUTURE_INTEGRATION_BLUEPRINT_EN.md
/home/nawaf511/empire-core-new/docs/03-contracts/NDSP_16_LAYER_CORE_REGISTRY_V1.json
/home/nawaf511/empire-core-new/docs/99-governance/pr-004-runtime-dependency-map/FINAL_RUNTIME_DEPENDENCY_MAP.json
/home/nawaf511/empire-core-new/docs/99-governance/pr-004-runtime-dependency-map/PR-004-CONFIGURATION-EVIDENCE-APPENDIX.md
/home/nawaf511/empire-core-new/docs/99-governance/pr-004-runtime-dependency-map/PR-004-FINAL-RUNTIME-DEPENDENCY-MAP.md
/home/nawaf511/empire-core-new/docs/99-governance/pr-004-runtime-dependency-map/PR-004-NON-CANONICAL-COMPONENT-EDGES.md
/home/nawaf511/empire-core-new/docs/99-governance/pr-004-runtime-dependency-map/PR004_FINAL_SHA256SUMS.txt
/home/nawaf511/empire-core-new/docs/99-governance/pr-005-runtime-ownership-map/FINAL_RUNTIME_OWNERSHIP_MAP.json
/home/nawaf511/empire-core-new/docs/99-governance/pr-005-runtime-ownership-map/PR-005-FINAL-RUNTIME-OWNERSHIP-MAP.md
/home/nawaf511/empire-core-new/docs/99-governance/pr-005-runtime-ownership-map/PR-005-OWNERSHIP-REVIEW-NOTES.md
/home/nawaf511/empire-core-new/docs/99-governance/pr-005-runtime-ownership-map/PR005_FINAL_SHA256SUMS.txt
/home/nawaf511/empire-core-new/docs/99-governance/pr-006-network-exposure-map/FINAL_NETWORK_EXPOSURE_MAP.json
/home/nawaf511/empire-core-new/docs/99-governance/pr-006-network-exposure-map/PR-006-FINAL-NETWORK-EXPOSURE-MAP.md
/home/nawaf511/empire-core-new/docs/99-governance/pr-006-network-exposure-map/PR-006-NETWORK-EXPOSURE-REVIEW-NOTES.md
/home/nawaf511/empire-core-new/docs/99-governance/pr-006-network-exposure-map/PR006_FINAL_SHA256SUMS.txt
/home/nawaf511/empire-core-new/docs/99-governance/pr-007-noncanonical-ownership/FINAL_NONCANONICAL_OWNERSHIP_MAP.json
/home/nawaf511/empire-core-new/docs/99-governance/pr-007-noncanonical-ownership/PR-007-NONCANONICAL-OWNERSHIP.md
/home/nawaf511/empire-core-new/docs/99-governance/pr-007-noncanonical-ownership/PR-007-REVIEW-NOTES.md
/home/nawaf511/empire-core-new/docs/99-governance/pr-007-noncanonical-ownership/PR007_SHA256SUMS.txt
/home/nawaf511/empire-core-new/docs/99-governance/pr-008-governance-closure/PR-008-COMMIT-MANIFEST.json
/home/nawaf511/empire-core-new/docs/99-governance/pr-008-governance-closure/PR-008-GOVERNANCE-CLOSURE-SUMMARY.md
/home/nawaf511/empire-core-new/docs/99-governance/pr-008-governance-closure/PR-008-MERGE-CHECKLIST.md
/home/nawaf511/empire-core-new/docs/99-governance/pr-008-governance-closure/PR008_SHA256SUMS.txt
/home/nawaf511/empire-core-new/docs/NDSP_GOVERNANCE_DOCUMENTATION.md
/home/nawaf511/empire-core-new/fix_portal.sh
/home/nawaf511/empire-core-new/frontend/NDSP_APPS_ONLY_GOVERNANCE.md
/home/nawaf511/empire-core-new/frontend/NDSP_FRONTEND_SOURCE_OF_TRUTH.md
/home/nawaf511/empire-core-new/frontend/admin-console/NDSP_Admin_Console.html
/home/nawaf511/empire-core-new/frontend/admin-console/NDSP_Design_System.html
/home/nawaf511/empire-core-new/frontend/admin-console/NDSP_Help_Center.html
/home/nawaf511/empire-core-new/frontend/admin-console/NDSP_Terms_Privacy.html
/home/nawaf511/empire-core-new/frontend/admin-console/NMP_Research_Lab.html
/home/nawaf511/empire-core-new/frontend/admin-console/admin-users.json
/home/nawaf511/empire-core-new/frontend/admin-console/api/research/tdl-day-logic-v2.json
/home/nawaf511/empire-core-new/frontend/admin-console/config/tdl_day_logic_v2.json
/home/nawaf511/empire-core-new/frontend/admin-console/index.html
/home/nawaf511/empire-core-new/frontend/admin-console/ndsp-admin-controls.css
/home/nawaf511/empire-core-new/frontend/admin-console/ndsp-admin-controls.js
/home/nawaf511/empire-core-new/frontend/admin-console/ndsp-admin-live-data-override.js
/home/nawaf511/empire-core-new/frontend/admin-console/nmp-lab-summary.json
/home/nawaf511/empire-core-new/frontend/admin-console/nmp-lab-summary.txt
/home/nawaf511/empire-core-new/frontend/admin-console/research/NMP_Research_Level.html
/home/nawaf511/empire-core-new/frontend/admin-console/research/TDL_Research_Lab.html
/home/nawaf511/empire-core-new/frontend/admin-console/research/index.html
/home/nawaf511/empire-core-new/frontend/admin-console/research/nmp-research-level-latest.json
/home/nawaf511/empire-core-new/frontend/admin-console/research/tdl-lab-latest.json
/home/nawaf511/empire-core-new/frontend/packages-theme-ndsp.css
/home/nawaf511/empire-core-new/frontend/public-landing/NDSP_Activation.html
/home/nawaf511/empire-core-new/frontend/public-landing/NDSP_Help_Center.html
/home/nawaf511/empire-core-new/frontend/public-landing/NDSP_Landing.html
/home/nawaf511/empire-core-new/frontend/public-landing/NDSP_Login.html
/home/nawaf511/empire-core-new/frontend/public-landing/NDSP_Packages_Compare.html
/home/nawaf511/empire-core-new/frontend/public-landing/NDSP_Terms_Privacy.html
/home/nawaf511/empire-core-new/frontend/public-landing/config/tdl_day_logic_v2.json
/home/nawaf511/empire-core-new/frontend/public-landing/index.html
/home/nawaf511/empire-core-new/frontend/public-landing/login.html
/home/nawaf511/empire-core-new/frontend/public-landing/ndsp-2fa-optional-choice.js
/home/nawaf511/empire-core-new/frontend/public-landing/ndsp-real-bindings.js
/home/nawaf511/empire-core-new/frontend/public-landing/register.html
/home/nawaf511/empire-core-new/frontend/public-site/index.html
/home/nawaf511/empire-core-new/frontend/public-site/ndsp-counter-debug.html
/home/nawaf511/empire-core-new/frontend/public-site/ndsp-live-trial-counters.js
/home/nawaf511/empire-core-new/frontend/public-site/package-lock.json
/home/nawaf511/empire-core-new/frontend/public-site/package.json
/home/nawaf511/empire-core-new/frontend/public-site/src/App.tsx
/home/nawaf511/empire-core-new/frontend/public-site/src/components/LanguageSwitcher.tsx
/home/nawaf511/empire-core-new/frontend/public-site/src/components/NewsTicker.tsx
/home/nawaf511/empire-core-new/frontend/public-site/src/i18n/index.ts
/home/nawaf511/empire-core-new/frontend/public-site/src/i18n/locales/ar.ts
/home/nawaf511/empire-core-new/frontend/public-site/src/i18n/locales/bn.ts
/home/nawaf511/empire-core-new/frontend/public-site/src/i18n/locales/cs.ts
/home/nawaf511/empire-core-new/frontend/public-site/src/i18n/locales/de.ts
/home/nawaf511/empire-core-new/frontend/public-site/src/i18n/locales/el.ts
/home/nawaf511/empire-core-new/frontend/public-site/src/i18n/locales/en.ts
/home/nawaf511/empire-core-new/frontend/public-site/src/i18n/locales/es.ts
/home/nawaf511/empire-core-new/frontend/public-site/src/i18n/locales/fa.ts
/home/nawaf511/empire-core-new/frontend/public-site/src/i18n/locales/fr.ts
/home/nawaf511/empire-core-new/frontend/public-site/src/i18n/locales/hi.ts
/home/nawaf511/empire-core-new/frontend/public-site/src/i18n/locales/hu.ts
/home/nawaf511/empire-core-new/frontend/public-site/src/i18n/locales/id.ts
/home/nawaf511/empire-core-new/frontend/public-site/src/i18n/locales/it.ts
/home/nawaf511/empire-core-new/frontend/public-site/src/i18n/locales/ja.ts
/home/nawaf511/empire-core-new/frontend/public-site/src/i18n/locales/ko.ts
/home/nawaf511/empire-core-new/frontend/public-site/src/i18n/locales/ms.ts
/home/nawaf511/empire-core-new/frontend/public-site/src/i18n/locales/nl.ts
/home/nawaf511/empire-core-new/frontend/public-site/src/i18n/locales/pl.ts
/home/nawaf511/empire-core-new/frontend/public-site/src/i18n/locales/pt.ts
/home/nawaf511/empire-core-new/frontend/public-site/src/i18n/locales/ro.ts
/home/nawaf511/empire-core-new/frontend/public-site/src/i18n/locales/ru.ts
/home/nawaf511/empire-core-new/frontend/public-site/src/i18n/locales/sv.ts
/home/nawaf511/empire-core-new/frontend/public-site/src/i18n/locales/sw.ts
/home/nawaf511/empire-core-new/frontend/public-site/src/i18n/locales/th.ts
/home/nawaf511/empire-core-new/frontend/public-site/src/i18n/locales/tr.ts
/home/nawaf511/empire-core-new/frontend/public-site/src/i18n/locales/uk.ts
/home/nawaf511/empire-core-new/frontend/public-site/src/i18n/locales/ur.ts
/home/nawaf511/empire-core-new/frontend/public-site/src/i18n/locales/vi.ts
/home/nawaf511/empire-core-new/frontend/public-site/src/i18n/locales/zh.ts
/home/nawaf511/empire-core-new/frontend/public-site/src/index.css
/home/nawaf511/empire-core-new/frontend/public-site/src/main.tsx
/home/nawaf511/empire-core-new/frontend/public-site/src/pages/Home.tsx
/home/nawaf511/empire-core-new/frontend/public-site/tsconfig.json
/home/nawaf511/empire-core-new/frontend/public-site/vite.config.ts
/home/nawaf511/empire-core-new/frontend/user-portal-vite/index.html
/home/nawaf511/empire-core-new/frontend/user-portal-vite/package-lock.json
/home/nawaf511/empire-core-new/frontend/user-portal-vite/package.json
/home/nawaf511/empire-core-new/frontend/user-portal-vite/src/config/env.js
/home/nawaf511/empire-core-new/frontend/user-portal-vite/src/core/api/apiClient.js
/home/nawaf511/empire-core-new/frontend/user-portal-vite/src/core/services/marketService.js
/home/nawaf511/empire-core-new/frontend/user-portal-vite/src/core/services/scenarioService.js
/home/nawaf511/empire-core-new/frontend/user-portal-vite/src/hooks/useMarket.js
/home/nawaf511/empire-core-new/frontend/user-portal-vite/src/main.jsx
/home/nawaf511/empire-core-new/frontend/user-portal-vite/src/pages/AssetPage.jsx
/home/nawaf511/empire-core-new/frontend/user-portal-vite/src/pages/BriefPage.jsx
/home/nawaf511/empire-core-new/frontend/user-portal-vite/src/pages/CommandPage.jsx
/home/nawaf511/empire-core-new/frontend/user-portal-vite/src/pages/Home.jsx
/home/nawaf511/empire-core-new/frontend/user-portal-vite/src/pages/SettingsPage.jsx
/home/nawaf511/empire-core-new/frontend/user-portal-vite/src/styles.css
/home/nawaf511/empire-core-new/frontend/user-portal-vite/vite.config.js
/home/nawaf511/empire-core-new/frontend/user-portal.README_AFTER_VITE.txt
/home/nawaf511/empire-core-new/frontend/user-portal/data/command-center-real.json
/home/nawaf511/empire-core-new/governance/CANONICAL_GOVERNANCE.md
/home/nawaf511/empire-core-new/governance/GOVERNANCE_PACKAGE_INDEX.md
/home/nawaf511/empire-core-new/governance/NDSP_FINAL_GOVERNANCE_ALL_POLICIES_LOCKED.json
/home/nawaf511/empire-core-new/governance/NDSP_FINAL_GOVERNANCE_ALL_POLICIES_LOCKED.md
/home/nawaf511/empire-core-new/governance/NDSP_FINAL_GOVERNANCE_EXCLUSIONS_AND_ADOPTIONS.json
/home/nawaf511/empire-core-new/governance/NDSP_FINAL_GOVERNANCE_EXCLUSIONS_AND_ADOPTIONS.md
/home/nawaf511/empire-core-new/governance/canonical-v1/NDSP_CANONICAL_GOVERNANCE_V1_AR.md
/home/nawaf511/empire-core-new/governance/canonical-v1/NDSP_GAPS_MASTER_REPORT_V1_AR.md
/home/nawaf511/empire-core-new/governance/canonical-v1/NDSP_GAPS_REGISTER_V1.json
/home/nawaf511/empire-core-new/governance/canonical-v1/NDSP_GOVERNANCE_PRECEDENCE_V1.json
/home/nawaf511/empire-core-new/governance/supersession/NDSP_GOVERNANCE_SUPERSESSION_V1_1.json
/home/nawaf511/empire-core-new/hud/ndsp-hud-theme.css
/home/nawaf511/empire-core-new/hud/ndsp-hud-theme.js
/home/nawaf511/empire-core-new/package-lock.json
/home/nawaf511/empire-core-new/package.json
/home/nawaf511/empire-core-new/research/README.md
/home/nawaf511/empire-core-new/research/RESEARCH_LABS_REFERENCE.md
/home/nawaf511/empire-core-new/research/admin-console-published-pages/TDL_Research_Lab.html
/home/nawaf511/empire-core-new/research/admin-console-published-pages/tdl-lab-latest.json
/home/nawaf511/empire-core-new/research/nmp-lab/NMP_RESEARCH_LAB_POLICY.md
/home/nawaf511/empire-core-new/research/nmp-lab/README.md
/home/nawaf511/empire-core-new/research/nmp-lab/README_RUN.md
/home/nawaf511/empire-core-new/research/nmp-lab/results/manifest.json
/home/nawaf511/empire-core-new/research/nmp-lab/results/nmp-research-level-latest.json
/home/nawaf511/empire-core-new/research/nmp-lab/scripts/nmp_lab_engine.py
/home/nawaf511/empire-core-new/research/nmp-lab/scripts/publish_nmp_lab_to_admin.sh
/home/nawaf511/empire-core-new/research/research_labs_reference.json
/home/nawaf511/empire-core-new/research/tdl-lab/README.md
/home/nawaf511/empire-core-new/research/tdl-lab/results/tdl-lab-latest.json
/home/nawaf511/empire-core-new/server.js
/home/nawaf511/empire-core-new/shared/tdl_day_logic_v2.js
/home/nawaf511/empire-core-new/shared/tdl_day_logic_v2.json
/home/nawaf511/empire-core-new/shared/tdl_day_logic_v2.py
/home/nawaf511/empire-core-new/tests/ndsp_button_binding_audit.py
/home/nawaf511/empire-core-new/tests/ndsp_button_binding_audit_v2.py
/home/nawaf511/empire-core-new/tests/ndsp_button_binding_audit_v3.py
/home/nawaf511/empire-core-new/tests/ndsp_button_binding_audit_v4.py
/home/nawaf511/empire-core-new/tests/ndsp_button_binding_audit_v5.py
/home/nawaf511/empire-core-new/tests/test_ndsp_fix_direct_trade_execution_key_tdl_v2.py
/home/nawaf511/empire-core-new/tests/test_ndsp_python_decision_governance_v1.py
/home/nawaf511/empire-core-new/tests/test_ndsp_python_tdl_v2_decision_outputs.py
/home/nawaf511/empire-core-new/tests/test_ndsp_python_tdl_v2_keyerror_fix.py
